[AGENT] Attempting to register as TestBot_342...
[AGENT] Registered successfully! Token: b4684a03-383d-4d89-ba48-72a7ac3a503b | ID: feef02c8-fe88-4c0f-8dcd-9dc9b1c34b12
[AGENT] Listening for game state changes...
[AGENT] Connected to WebSockets.
